::1 - - [24/Aug/2026 20:31:38] "GET /schedule.html HTTP/1.1" 200 -
::1 - - [24/Aug/2026 20:31:38] "GET /schedule-view.html HTTP/1.1" 200 -
::1 - - [24/Aug/2026 20:35:23] "GET /schedule.html?readonly=1 HTTP/1.1" 200 -
::1 - - [24/Aug/2026 20:35:23] "GET /schedule-common.js HTTP/1.1" 200 -
::1 - - [24/Aug/2026 20:35:23] "GET /schedule.html?readonly=1&v=20260824 HTTP/1.1" 200 -
::1 - - [24/Aug/2026 20:35:47] "GET /schedule.html?readonly=1 HTTP/1.1" 200 -
::1 - - [24/Aug/2026 20:35:47] "GET /schedule-common.js HTTP/1.1" 200 -
::1 - - [24/Aug/2026 20:35:47] "GET /schedule.html?readonly=1&v=20260824 HTTP/1.1" 200 -
::1 - - [24/Aug/2026 20:36:25] "GET /schedule.html?readonly=1 HTTP/1.1" 200 -
::1 - - [24/Aug/2026 20:36:25] "GET /schedule-common.js HTTP/1.1" 200 -
::1 - - [24/Aug/2026 20:36:25] "GET /schedule.html?readonly=1&v=20260824 HTTP/1.1" 200 -
::1 - - [24/Aug/2026 20:37:14] "GET /schedule.html?readonly=1 HTTP/1.1" 200 -
::1 - - [24/Aug/2026 20:37:14] "GET /schedule-common.js HTTP/1.1" 200 -
::1 - - [24/Aug/2026 20:37:14] "GET /schedule.html?readonly=1&v=20260824 HTTP/1.1" 200 -
::1 - - [24/Aug/2026 20:37:42] "GET /schedule.html?readonly=1 HTTP/1.1" 200 -
::1 - - [24/Aug/2026 20:37:42] "GET /schedule-common.js HTTP/1.1" 200 -
::1 - - [24/Aug/2026 20:37:42] "GET /schedule.html?readonly=1&v=20260824 HTTP/1.1" 200 -
::1 - - [24/Aug/2026 20:38:04] "GET /schedule.html?readonly=1 HTTP/1.1" 200 -
::1 - - [24/Aug/2026 20:38:04] "GET /schedule-common.js HTTP/1.1" 200 -
::1 - - [24/Aug/2026 20:38:04] "GET /schedule.html?readonly=1&v=20260824 HTTP/1.1" 200 -
::1 - - [24/Aug/2026 20:38:35] "GET /schedule.html?readonly=1 HTTP/1.1" 200 -
::1 - - [24/Aug/2026 20:38:35] "GET /schedule-common.js HTTP/1.1" 200 -
::1 - - [24/Aug/2026 20:38:35] "GET /schedule.html?readonly=1&v=20260824 HTTP/1.1" 200 -
::1 - - [24/Aug/2026 20:39:06] "GET /schedule.html?readonly=1 HTTP/1.1" 200 -
::1 - - [24/Aug/2026 20:39:06] "GET /schedule-common.js HTTP/1.1" 200 -
::1 - - [24/Aug/2026 20:39:06] "GET /schedule.html?readonly=1&v=20260824 HTTP/1.1" 200 -
::1 - - [24/Aug/2026 20:40:15] "GET /schedule.html?readonly=1 HTTP/1.1" 200 -
::1 - - [24/Aug/2026 20:40:15] "GET /schedule-common.js HTTP/1.1" 200 -
::1 - - [24/Aug/2026 20:40:15] "GET /schedule.html?readonly=1&v=20260824 HTTP/1.1" 200 -
::1 - - [24/Aug/2026 20:40:58] "GET /schedule.html?readonly=1 HTTP/1.1" 200 -
::1 - - [24/Aug/2026 20:40:58] "GET /schedule-common.js HTTP/1.1" 200 -
::1 - - [24/Aug/2026 20:40:58] "GET /schedule.html?readonly=1&v=20260824 HTTP/1.1" 200 -
::1 - - [24/Aug/2026 20:41:35] "GET /schedule.html?readonly=1 HTTP/1.1" 200 -
::1 - - [24/Aug/2026 20:41:35] "GET /schedule-common.js HTTP/1.1" 200 -
::1 - - [24/Aug/2026 20:41:35] "GET /schedule.html?readonly=1&v=20260824 HTTP/1.1" 200 -
::1 - - [24/Aug/2026 20:42:07] "GET /schedule.html HTTP/1.1" 200 -
::1 - - [24/Aug/2026 20:42:07] "GET /schedule-common.js HTTP/1.1" 200 -
::1 - - [24/Aug/2026 20:42:07] "GET /schedule.html?v=20260824 HTTP/1.1" 200 -
::1 - - [24/Aug/2026 20:42:33] "GET /schedule.html HTTP/1.1" 200 -
::1 - - [24/Aug/2026 20:42:33] "GET /schedule-common.js HTTP/1.1" 200 -
::1 - - [24/Aug/2026 20:42:33] "GET /schedule.html?v=20260824 HTTP/1.1" 200 -
::1 - - [24/Aug/2026 20:42:59] "GET /schedule.html HTTP/1.1" 200 -
::1 - - [24/Aug/2026 20:42:59] "GET /schedule-common.js HTTP/1.1" 200 -
::1 - - [24/Aug/2026 20:42:59] "GET /schedule.html?v=20260824 HTTP/1.1" 200 -
::1 - - [24/Aug/2026 20:43:39] "GET /schedule.html HTTP/1.1" 200 -
::1 - - [24/Aug/2026 20:43:39] "GET /schedule-common.js HTTP/1.1" 200 -
::1 - - [24/Aug/2026 20:43:39] "GET /schedule.html?v=20260824 HTTP/1.1" 200 -
::1 - - [24/Aug/2026 20:44:14] "GET /schedule-view.html HTTP/1.1" 200 -
::1 - - [24/Aug/2026 20:44:14] "GET /schedule-common.js HTTP/1.1" 200 -
::1 - - [24/Aug/2026 20:44:39] "GET /schedule-view.html HTTP/1.1" 200 -
::1 - - [24/Aug/2026 20:44:39] "GET /schedule-common.js HTTP/1.1" 200 -
::1 - - [24/Aug/2026 20:45:01] "GET /schedule-view.html HTTP/1.1" 200 -
::1 - - [24/Aug/2026 20:45:01] "GET /schedule-common.js HTTP/1.1" 200 -
::1 - - [24/Aug/2026 20:45:27] "GET /schedule-view.html HTTP/1.1" 200 -
::1 - - [24/Aug/2026 20:45:27] "GET /schedule-common.js HTTP/1.1" 200 -
::1 - - [24/Aug/2026 20:45:30] "GET /schedule.html?readonly=1 HTTP/1.1" 200 -
::1 - - [24/Aug/2026 20:45:30] "GET /schedule.html?readonly=1&v=20260824 HTTP/1.1" 200 -
::1 - - [24/Aug/2026 20:46:04] "GET /schedule-view.html HTTP/1.1" 200 -
::1 - - [24/Aug/2026 20:46:04] "GET /schedule-common.js HTTP/1.1" 200 -
::1 - - [24/Aug/2026 20:46:07] "GET /schedule.html?readonly=1 HTTP/1.1" 200 -
::1 - - [24/Aug/2026 20:46:07] "GET /schedule.html?readonly=1&v=20260824 HTTP/1.1" 200 -
::1 - - [24/Aug/2026 20:46:30] "GET /schedule-view.html HTTP/1.1" 200 -
::1 - - [24/Aug/2026 20:46:31] "GET /schedule-common.js HTTP/1.1" 200 -
::1 - - [24/Aug/2026 20:46:34] "GET /schedule.html?readonly=1 HTTP/1.1" 200 -
::1 - - [24/Aug/2026 20:46:34] "GET /schedule.html?readonly=1&v=20260824 HTTP/1.1" 200 -
::1 - - [24/Aug/2026 20:46:52] "GET /schedule-view.html HTTP/1.1" 200 -
::1 - - [24/Aug/2026 20:46:52] "GET /schedule-common.js HTTP/1.1" 200 -
::1 - - [24/Aug/2026 20:46:56] "GET /schedule.html?readonly=1 HTTP/1.1" 200 -
::1 - - [24/Aug/2026 20:46:56] "GET /schedule.html?readonly=1&v=20260824 HTTP/1.1" 200 -
::1 - - [24/Aug/2026 20:47:45] "GET /schedule.html HTTP/1.1" 200 -
::1 - - [24/Aug/2026 20:47:45] "GET /schedule-common.js HTTP/1.1" 200 -
::1 - - [24/Aug/2026 20:47:46] "GET /schedule.html?v=20260824 HTTP/1.1" 200 -
::1 - - [24/Aug/2026 20:47:51] "GET /schedule.html HTTP/1.1" 200 -
::1 - - [24/Aug/2026 20:47:51] "GET /schedule-common.js HTTP/1.1" 200 -
::1 - - [24/Aug/2026 20:47:51] "GET /schedule.html?v=20260824 HTTP/1.1" 200 -
::1 - - [24/Aug/2026 20:47:58] "GET /schedule-view.html?mode=all HTTP/1.1" 200 -
::1 - - [24/Aug/2026 20:47:58] "GET /schedule-common.js HTTP/1.1" 200 -
